puppy@puppy:~$ protontricks 4086956225 xact xact_x64 vcrun2022 d3dx9_43 d3dx9
protontricks (WARNING): Unknown Flatpak file system permission 'xdg-config/gtk-3.0:ro', ignoring.
protontricks (WARNING): Unknown Flatpak file system permission 'xdg-config/gtk-4.0:ro', ignoring.
protontricks (WARNING): Unknown Flatpak file system permission 'xdg-config/vkBasalt:create', ignoring.
protontricks (WARNING): Unknown Flatpak file system permission 'xdg-config/MangoHud:create', ignoring.
steam-runtime-launcher-service[63]: W: The --socket option is deprecated. Prefer to use --session or --bus-name.
Executing cd /app/bin
                     Using winetricks 20250102 (protontricks) - sha256sum: 7b77e5a560c886f9945dc4206f0ea98d099c0fd902ae05681fe988e45f456e3b with wine-10.0 and WINEARCH=win64
                                                              Executing w_do_call xact
                                                                                      Executing load_xact 
                                                                                                          grep: warning: stray \ before /
                          Executing cabextract -q -d /var/home/puppy/.local/share/Steam/steamapps/compatdata/4086956225/pfx/dosdevices/c:/windows/temp -L -F *_xact_*x86* /home/puppy/.var/app/com.github.Matoking.protontricks/cache/winetricks/directx9/directx_Jun2010_redist.exe
                                                      Executing cabextract -q -d /var/home/puppy/.local/share/Steam/steamapps/compatdata/4086956225/pfx/dosdevices/c:/windows/temp -L -F *_x3daudio_*x86* /home/puppy/.var/app/com.github.Matoking.protontricks/cache/winetricks/directx9/directx_Jun2010_redist.exe
                                                                                      Executing cabextract -q -d /var/home/puppy/.local/share/Steam/steamapps/compatdata/4086956225/pfx/dosdevices/c:/windows/temp -L -F *_xaudio_*x86* /home/puppy/.var/app/com.github.Matoking.protontricks/cache/winetricks/directx9/directx_Jun2010_redist.exe
     Executing cabextract -q -d /var/home/puppy/.local/share/Steam/steamapps/compatdata/4086956225/pfx/dosdevices/c:/windows/syswow64 -L -F xactengine*.dll /var/home/puppy/.local/share/Steam/steamapps/compatdata/4086956225/pfx/dosdevices/c:/windows/temp/apr2006_xact_x86.cab
                                                    /var/home/puppy/.local/share/Steam/steamapps/compatdata/4086956225/pfx/dosdevices/c:/windows/temp/apr2006_xact_x86.cab: WARNING; possible 5960 extra bytes at end of file.
                                                                                                              Executing cabextract -q -d /var/home/puppy/.local/share/Steam/steamapps/compatdata/4086956225/pfx/dosdevices/c:/windows/syswow64 -L -F xaudio*.dll /var/home/puppy/.local/share/Steam/steamapps/compatdata/4086956225/pfx/dosdevices/c:/windows/temp/apr2006_xact_x86.cab
                                          /var/home/puppy/.local/share/Steam/steamapps/compatdata/4086956225/pfx/dosdevices/c:/windows/temp/apr2006_xact_x86.cab: WARNING; possible 5960 extra bytes at end of file.
                                                                                                     Executing cabextract -q -d /var/home/puppy/.local/share/Steam/steamapps/compatdata/4086956225/pfx/dosdevices/c:/windows/syswow64 -L -F x3daudio*.dll /var/home/puppy/.local/share/Steam/steamapps/compatdata/4086956225/pfx/dosdevices/c:/windows/temp/apr2006_xact_x86.cab
                                   /var/home/puppy/.local/share/Steam/steamapps/compatdata/4086956225/pfx/dosdevices/c:/windows/temp/apr2006_xact_x86.cab: WARNING; possible 5960 extra bytes at end of file.
                                                                                              Executing cabextract -q -d /var/home/puppy/.local/share/Steam/steamapps/compatdata/4086956225/pfx/dosdevices/c:/windows/syswow64 -L -F xapofx*.dll /var/home/puppy/.local/share/Steam/steamapps/compatdata/4086956225/pfx/dosdevices/c:/windows/temp/apr2006_xact_x86.cab
                          /var/home/puppy/.local/share/Steam/steamapps/compatdata/4086956225/pfx/dosdevices/c:/windows/temp/apr2006_xact_x86.cab: WARNING; possible 5960 extra bytes at end of file.
                                                                                     Executing cabextract -q -d /var/home/puppy/.local/share/Steam/steamapps/compatdata/4086956225/pfx/dosdevices/c:/windows/syswow64 -L -F xactengine*.dll /var/home/puppy/.local/share/Steam/steamapps/compatdata/4086956225/pfx/dosdevices/c:/windows/temp/apr2007_xact_x86.cab
                     /var/home/puppy/.local/share/Steam/steamapps/compatdata/4086956225/pfx/dosdevices/c:/windows/temp/apr2007_xact_x86.cab: WARNING; possible 5960 extra bytes at end of file.
                                                                                Executing cabextract -q -d /var/home/puppy/.local/share/Steam/steamapps/compatdata/4086956225/pfx/dosdevices/c:/windows/syswow64 -L -F xaudio*.dll /var/home/puppy/.local/share/Steam/steamapps/compatdata/4086956225/pfx/dosdevices/c:/windows/temp/apr2007_xact_x86.cab
            /var/home/puppy/.local/share/Steam/steamapps/compatdata/4086956225/pfx/dosdevices/c:/windows/temp/apr2007_xact_x86.cab: WARNING; possible 5960 extra bytes at end of file.
                                                                       Executing cabextract -q -d /var/home/puppy/.local/share/Steam/steamapps/compatdata/4086956225/pfx/dosdevices/c:/windows/syswow64 -L -F x3daudio*.dll /var/home/puppy/.local/share/Steam/steamapps/compatdata/4086956225/pfx/dosdevices/c:/windows/temp/apr2007_xact_x86.cab
     /var/home/puppy/.local/share/Steam/steamapps/compatdata/4086956225/pfx/dosdevices/c:/windows/temp/apr2007_xact_x86.cab: WARNING; possible 5960 extra bytes at end of file.
                                                                Executing cabextract -q -d /var/home/puppy/.local/share/Steam/steamapps/compatdata/4086956225/pfx/dosdevices/c:/windows/syswow64 -L -F xapofx*.dll /var/home/puppy/.local/share/Steam/steamapps/compatdata/4086956225/pfx/dosdevices/c:/windows/temp/apr2007_xact_x86.cab
                                                                                                           /var/home/puppy/.local/share/Steam/steamapps/compatdata/4086956225/pfx/dosdevices/c:/windows/temp/apr2007_xact_x86.cab: WARNING; possible 5960 extra bytes at end of file.
                                                       Executing cabextract -q -d /var/home/puppy/.local/share/Steam/steamapps/compatdata/4086956225/pfx/dosdevices/c:/windows/syswow64 -L -F xactengine*.dll /var/home/puppy/.local/share/Steam/steamapps/compatdata/4086956225/pfx/dosdevices/c:/windows/temp/aug2006_xact_x86.cab
                                                                                                      /var/home/puppy/.local/share/Steam/steamapps/compatdata/4086956225/pfx/dosdevices/c:/windows/temp/aug2006_xact_x86.cab: WARNING; possible 5960 extra bytes at end of file.
                                                  Executing cabextract -q -d /var/home/puppy/.local/share/Steam/steamapps/compatdata/4086956225/pfx/dosdevices/c:/windows/syswow64 -L -F xaudio*.dll /var/home/puppy/.local/share/Steam/steamapps/compatdata/4086956225/pfx/dosdevices/c:/windows/temp/aug2006_xact_x86.cab
                                                                                             /var/home/puppy/.local/share/Steam/steamapps/compatdata/4086956225/pfx/dosdevices/c:/windows/temp/aug2006_xact_x86.cab: WARNING; possible 5960 extra bytes at end of file.
                                         Executing cabextract -q -d /var/home/puppy/.local/share/Steam/steamapps/compatdata/4086956225/pfx/dosdevices/c:/windows/syswow64 -L -F x3daudio*.dll /var/home/puppy/.local/share/Steam/steamapps/compatdata/4086956225/pfx/dosdevices/c:/windows/temp/aug2006_xact_x86.cab
                                                                                      /var/home/puppy/.local/share/Steam/steamapps/compatdata/4086956225/pfx/dosdevices/c:/windows/temp/aug2006_xact_x86.cab: WARNING; possible 5960 extra bytes at end of file.
                                  Executing cabextract -q -d /var/home/puppy/.local/share/Steam/steamapps/compatdata/4086956225/pfx/dosdevices/c:/windows/syswow64 -L -F xapofx*.dll /var/home/puppy/.local/share/Steam/steamapps/compatdata/4086956225/pfx/dosdevices/c:/windows/temp/aug2006_xact_x86.cab
                                                                             /var/home/puppy/.local/share/Steam/steamapps/compatdata/4086956225/pfx/dosdevices/c:/windows/temp/aug2006_xact_x86.cab: WARNING; possible 5960 extra bytes at end of file.
                         Executing cabextract -q -d /var/home/puppy/.local/share/Steam/steamapps/compatdata/4086956225/pfx/dosdevices/c:/windows/syswow64 -L -F xactengine*.dll /var/home/puppy/.local/share/Steam/steamapps/compatdata/4086956225/pfx/dosdevices/c:/windows/temp/aug2007_xact_x86.cab
                                                                        /var/home/puppy/.local/share/Steam/steamapps/compatdata/4086956225/pfx/dosdevices/c:/windows/temp/aug2007_xact_x86.cab: WARNING; possible 5960 extra bytes at end of file.
                    Executing cabextract -q -d /var/home/puppy/.local/share/Steam/steamapps/compatdata/4086956225/pfx/dosdevices/c:/windows/syswow64 -L -F xaudio*.dll /var/home/puppy/.local/share/Steam/steamapps/compatdata/4086956225/pfx/dosdevices/c:/windows/temp/aug2007_xact_x86.cab
                                                               /var/home/puppy/.local/share/Steam/steamapps/compatdata/4086956225/pfx/dosdevices/c:/windows/temp/aug2007_xact_x86.cab: WARNING; possible 5960 extra bytes at end of file.
           Executing cabextract -q -d /var/home/puppy/.local/share/Steam/steamapps/compatdata/4086956225/pfx/dosdevices/c:/windows/syswow64 -L -F x3daudio*.dll /var/home/puppy/.local/share/Steam/steamapps/compatdata/4086956225/pfx/dosdevices/c:/windows/temp/aug2007_xact_x86.cab
                                                        /var/home/puppy/.local/share/Steam/steamapps/compatdata/4086956225/pfx/dosdevices/c:/windows/temp/aug2007_xact_x86.cab: WARNING; possible 5960 extra bytes at end of file.
    Executing cabextract -q -d /var/home/puppy/.local/share/Steam/steamapps/compatdata/4086956225/pfx/dosdevices/c:/windows/syswow64 -L -F xapofx*.dll /var/home/puppy/.local/share/Steam/steamapps/compatdata/4086956225/pfx/dosdevices/c:/windows/temp/aug2007_xact_x86.cab
                                               /var/home/puppy/.local/share/Steam/steamapps/compatdata/4086956225/pfx/dosdevices/c:/windows/temp/aug2007_xact_x86.cab: WARNING; possible 5960 extra bytes at end of file.
                                                                                                          Executing cabextract -q -d /var/home/puppy/.local/share/Steam/steamapps/compatdata/4086956225/pfx/dosdevices/c:/windows/syswow64 -L -F xactengine*.dll /var/home/puppy/.local/share/Steam/steamapps/compatdata/4086956225/pfx/dosdevices/c:/windows/temp/aug2008_xact_x86.cab
                                          /var/home/puppy/.local/share/Steam/steamapps/compatdata/4086956225/pfx/dosdevices/c:/windows/temp/aug2008_xact_x86.cab: WARNING; possible 5960 extra bytes at end of file.
                                                                                                     Executing cabextract -q -d /var/home/puppy/.local/share/Steam/steamapps/compatdata/4086956225/pfx/dosdevices/c:/windows/syswow64 -L -F xaudio*.dll /var/home/puppy/.local/share/Steam/steamapps/compatdata/4086956225/pfx/dosdevices/c:/windows/temp/aug2008_xact_x86.cab
                                 /var/home/puppy/.local/share/Steam/steamapps/compatdata/4086956225/pfx/dosdevices/c:/windows/temp/aug2008_xact_x86.cab: WARNING; possible 5960 extra bytes at end of file.
                                                                                            Executing cabextract -q -d /var/home/puppy/.local/share/Steam/steamapps/compatdata/4086956225/pfx/dosdevices/c:/windows/syswow64 -L -F x3daudio*.dll /var/home/puppy/.local/share/Steam/steamapps/compatdata/4086956225/pfx/dosdevices/c:/windows/temp/aug2008_xact_x86.cab
                          /var/home/puppy/.local/share/Steam/steamapps/compatdata/4086956225/pfx/dosdevices/c:/windows/temp/aug2008_xact_x86.cab: WARNING; possible 5960 extra bytes at end of file.
                                                                                     Executing cabextract -q -d /var/home/puppy/.local/share/Steam/steamapps/compatdata/4086956225/pfx/dosdevices/c:/windows/syswow64 -L -F xapofx*.dll /var/home/puppy/.local/share/Steam/steamapps/compatdata/4086956225/pfx/dosdevices/c:/windows/temp/aug2008_xact_x86.cab
                 /var/home/puppy/.local/share/Steam/steamapps/compatdata/4086956225/pfx/dosdevices/c:/windows/temp/aug2008_xact_x86.cab: WARNING; possible 5960 extra bytes at end of file.
                                                                            Executing cabextract -q -d /var/home/puppy/.local/share/Steam/steamapps/compatdata/4086956225/pfx/dosdevices/c:/windows/syswow64 -L -F xactengine*.dll /var/home/puppy/.local/share/Steam/steamapps/compatdata/4086956225/pfx/dosdevices/c:/windows/temp/aug2008_xaudio_x86.cab
              /var/home/puppy/.local/share/Steam/steamapps/compatdata/4086956225/pfx/dosdevices/c:/windows/temp/aug2008_xaudio_x86.cab: WARNING; possible 5960 extra bytes at end of file.
                                                                           Executing cabextract -q -d /var/home/puppy/.local/share/Steam/steamapps/compatdata/4086956225/pfx/dosdevices/c:/windows/syswow64 -L -F xaudio*.dll /var/home/puppy/.local/share/Steam/steamapps/compatdata/4086956225/pfx/dosdevices/c:/windows/temp/aug2008_xaudio_x86.cab
         /var/home/puppy/.local/share/Steam/steamapps/compatdata/4086956225/pfx/dosdevices/c:/windows/temp/aug2008_xaudio_x86.cab: WARNING; possible 5960 extra bytes at end of file.
                                                                      Executing cabextract -q -d /var/home/puppy/.local/share/Steam/steamapps/compatdata/4086956225/pfx/dosdevices/c:/windows/syswow64 -L -F x3daudio*.dll /var/home/puppy/.local/share/Steam/steamapps/compatdata/4086956225/pfx/dosdevices/c:/windows/temp/aug2008_xaudio_x86.cab
      /var/home/puppy/.local/share/Steam/steamapps/compatdata/4086956225/pfx/dosdevices/c:/windows/temp/aug2008_xaudio_x86.cab: WARNING; possible 5960 extra bytes at end of file.
                                                                   Executing cabextract -q -d /var/home/puppy/.local/share/Steam/steamapps/compatdata/4086956225/pfx/dosdevices/c:/windows/syswow64 -L -F xapofx*.dll /var/home/puppy/.local/share/Steam/steamapps/compatdata/4086956225/pfx/dosdevices/c:/windows/temp/aug2008_xaudio_x86.cab
 /var/home/puppy/.local/share/Steam/steamapps/compatdata/4086956225/pfx/dosdevices/c:/windows/temp/aug2008_xaudio_x86.cab: WARNING; possible 5960 extra bytes at end of file.
                                                              Executing cabextract -q -d /var/home/puppy/.local/share/Steam/steamapps/compatdata/4086956225/pfx/dosdevices/c:/windows/syswow64 -L -F xactengine*.dll /var/home/puppy/.local/share/Steam/steamapps/compatdata/4086956225/pfx/dosdevices/c:/windows/temp/aug2009_xact_x86.cab
                                                                                                             /var/home/puppy/.local/share/Steam/steamapps/compatdata/4086956225/pfx/dosdevices/c:/windows/temp/aug2009_xact_x86.cab: WARNING; possible 5960 extra bytes at end of file.
                                                         Executing cabextract -q -d /var/home/puppy/.local/share/Steam/steamapps/compatdata/4086956225/pfx/dosdevices/c:/windows/syswow64 -L -F xaudio*.dll /var/home/puppy/.local/share/Steam/steamapps/compatdata/4086956225/pfx/dosdevices/c:/windows/temp/aug2009_xact_x86.cab
                                                                                                    /var/home/puppy/.local/share/Steam/steamapps/compatdata/4086956225/pfx/dosdevices/c:/windows/temp/aug2009_xact_x86.cab: WARNING; possible 5960 extra bytes at end of file.
                                                Executing cabextract -q -d /var/home/puppy/.local/share/Steam/steamapps/compatdata/4086956225/pfx/dosdevices/c:/windows/syswow64 -L -F x3daudio*.dll /var/home/puppy/.local/share/Steam/steamapps/compatdata/4086956225/pfx/dosdevices/c:/windows/temp/aug2009_xact_x86.cab
                                                                                             /var/home/puppy/.local/share/Steam/steamapps/compatdata/4086956225/pfx/dosdevices/c:/windows/temp/aug2009_xact_x86.cab: WARNING; possible 5960 extra bytes at end of file.
                                         Executing cabextract -q -d /var/home/puppy/.local/share/Steam/steamapps/compatdata/4086956225/pfx/dosdevices/c:/windows/syswow64 -L -F xapofx*.dll /var/home/puppy/.local/share/Steam/steamapps/compatdata/4086956225/pfx/dosdevices/c:/windows/temp/aug2009_xact_x86.cab
                                                                                    /var/home/puppy/.local/share/Steam/steamapps/compatdata/4086956225/pfx/dosdevices/c:/windows/temp/aug2009_xact_x86.cab: WARNING; possible 5960 extra bytes at end of file.
                                Executing cabextract -q -d /var/home/puppy/.local/share/Steam/steamapps/compatdata/4086956225/pfx/dosdevices/c:/windows/syswow64 -L -F xactengine*.dll /var/home/puppy/.local/share/Steam/steamapps/compatdata/4086956225/pfx/dosdevices/c:/windows/temp/aug2009_xaudio_x86.cab
                                                                                 /var/home/puppy/.local/share/Steam/steamapps/compatdata/4086956225/pfx/dosdevices/c:/windows/temp/aug2009_xaudio_x86.cab: WARNING; possible 5960 extra bytes at end of file.
                               Executing cabextract -q -d /var/home/puppy/.local/share/Steam/steamapps/compatdata/4086956225/pfx/dosdevices/c:/windows/syswow64 -L -F xaudio*.dll /var/home/puppy/.local/share/Steam/steamapps/compatdata/4086956225/pfx/dosdevices/c:/windows/temp/aug2009_xaudio_x86.cab
                                                                            /var/home/puppy/.local/share/Steam/steamapps/compatdata/4086956225/pfx/dosdevices/c:/windows/temp/aug2009_xaudio_x86.cab: WARNING; possible 5960 extra bytes at end of file.
                          Executing cabextract -q -d /var/home/puppy/.local/share/Steam/steamapps/compatdata/4086956225/pfx/dosdevices/c:/windows/syswow64 -L -F x3daudio*.dll /var/home/puppy/.local/share/Steam/steamapps/compatdata/4086956225/pfx/dosdevices/c:/windows/temp/aug2009_xaudio_x86.cab
                                                                         /var/home/puppy/.local/share/Steam/steamapps/compatdata/4086956225/pfx/dosdevices/c:/windows/temp/aug2009_xaudio_x86.cab: WARNING; possible 5960 extra bytes at end of file.
                       Executing cabextract -q -d /var/home/puppy/.local/share/Steam/steamapps/compatdata/4086956225/pfx/dosdevices/c:/windows/syswow64 -L -F xapofx*.dll /var/home/puppy/.local/share/Steam/steamapps/compatdata/4086956225/pfx/dosdevices/c:/windows/temp/aug2009_xaudio_x86.cab
                                                                    /var/home/puppy/.local/share/Steam/steamapps/compatdata/4086956225/pfx/dosdevices/c:/windows/temp/aug2009_xaudio_x86.cab: WARNING; possible 5960 extra bytes at end of file.
                  Executing cabextract -q -d /var/home/puppy/.local/share/Steam/steamapps/compatdata/4086956225/pfx/dosdevices/c:/windows/syswow64 -L -F xactengine*.dll /var/home/puppy/.local/share/Steam/steamapps/compatdata/4086956225/pfx/dosdevices/c:/windows/temp/dec2006_xact_x86.cab
                                                                 /var/home/puppy/.local/share/Steam/steamapps/compatdata/4086956225/pfx/dosdevices/c:/windows/temp/dec2006_xact_x86.cab: WARNING; possible 5960 extra bytes at end of file.
             Executing cabextract -q -d /var/home/puppy/.local/share/Steam/steamapps/compatdata/4086956225/pfx/dosdevices/c:/windows/syswow64 -L -F xaudio*.dll /var/home/puppy/.local/share/Steam/steamapps/compatdata/4086956225/pfx/dosdevices/c:/windows/temp/dec2006_xact_x86.cab
                                                        /var/home/puppy/.local/share/Steam/steamapps/compatdata/4086956225/pfx/dosdevices/c:/windows/temp/dec2006_xact_x86.cab: WARNING; possible 5960 extra bytes at end of file.
    Executing cabextract -q -d /var/home/puppy/.local/share/Steam/steamapps/compatdata/4086956225/pfx/dosdevices/c:/windows/syswow64 -L -F x3daudio*.dll /var/home/puppy/.local/share/Steam/steamapps/compatdata/4086956225/pfx/dosdevices/c:/windows/temp/dec2006_xact_x86.cab
                                                 /var/home/puppy/.local/share/Steam/steamapps/compatdata/4086956225/pfx/dosdevices/c:/windows/temp/dec2006_xact_x86.cab: WARNING; possible 5960 extra bytes at end of file.
                                                                                                            Executing cabextract -q -d /var/home/puppy/.local/share/Steam/steamapps/compatdata/4086956225/pfx/dosdevices/c:/windows/syswow64 -L -F xapofx*.dll /var/home/puppy/.local/share/Steam/steamapps/compatdata/4086956225/pfx/dosdevices/c:/windows/temp/dec2006_xact_x86.cab
                                        /var/home/puppy/.local/share/Steam/steamapps/compatdata/4086956225/pfx/dosdevices/c:/windows/temp/dec2006_xact_x86.cab: WARNING; possible 5960 extra bytes at end of file.
                                                                                                   Executing cabextract -q -d /var/home/puppy/.local/share/Steam/steamapps/compatdata/4086956225/pfx/dosdevices/c:/windows/syswow64 -L -F xactengine*.dll /var/home/puppy/.local/share/Steam/steamapps/compatdata/4086956225/pfx/dosdevices/c:/windows/temp/feb2006_xact_x86.cab
                                   /var/home/puppy/.local/share/Steam/steamapps/compatdata/4086956225/pfx/dosdevices/c:/windows/temp/feb2006_xact_x86.cab: WARNING; possible 5960 extra bytes at end of file.
                                                                                              Executing cabextract -q -d /var/home/puppy/.local/share/Steam/steamapps/compatdata/4086956225/pfx/dosdevices/c:/windows/syswow64 -L -F xaudio*.dll /var/home/puppy/.local/share/Steam/steamapps/compatdata/4086956225/pfx/dosdevices/c:/windows/temp/feb2006_xact_x86.cab
                          /var/home/puppy/.local/share/Steam/steamapps/compatdata/4086956225/pfx/dosdevices/c:/windows/temp/feb2006_xact_x86.cab: WARNING; possible 5960 extra bytes at end of file.
                                                                                     Executing cabextract -q -d /var/home/puppy/.local/share/Steam/steamapps/compatdata/4086956225/pfx/dosdevices/c:/windows/syswow64 -L -F x3daudio*.dll /var/home/puppy/.local/share/Steam/steamapps/compatdata/4086956225/pfx/dosdevices/c:/windows/temp/feb2006_xact_x86.cab
                   /var/home/puppy/.local/share/Steam/steamapps/compatdata/4086956225/pfx/dosdevices/c:/windows/temp/feb2006_xact_x86.cab: WARNING; possible 5960 extra bytes at end of file.
                                                                              Executing cabextract -q -d /var/home/puppy/.local/share/Steam/steamapps/compatdata/4086956225/pfx/dosdevices/c:/windows/syswow64 -L -F xapofx*.dll /var/home/puppy/.local/share/Steam/steamapps/compatdata/4086956225/pfx/dosdevices/c:/windows/temp/feb2006_xact_x86.cab
          /var/home/puppy/.local/share/Steam/steamapps/compatdata/4086956225/pfx/dosdevices/c:/windows/temp/feb2006_xact_x86.cab: WARNING; possible 5960 extra bytes at end of file.
                                                                     Executing cabextract -q -d /var/home/puppy/.local/share/Steam/steamapps/compatdata/4086956225/pfx/dosdevices/c:/windows/syswow64 -L -F xactengine*.dll /var/home/puppy/.local/share/Steam/steamapps/compatdata/4086956225/pfx/dosdevices/c:/windows/temp/feb2007_xact_x86.cab
     /var/home/puppy/.local/share/Steam/steamapps/compatdata/4086956225/pfx/dosdevices/c:/windows/temp/feb2007_xact_x86.cab: WARNING; possible 5960 extra bytes at end of file.
                                                                Executing cabextract -q -d /var/home/puppy/.local/share/Steam/steamapps/compatdata/4086956225/pfx/dosdevices/c:/windows/syswow64 -L -F xaudio*.dll /var/home/puppy/.local/share/Steam/steamapps/compatdata/4086956225/pfx/dosdevices/c:/windows/temp/feb2007_xact_x86.cab
                                                                                                           /var/home/puppy/.local/share/Steam/steamapps/compatdata/4086956225/pfx/dosdevices/c:/windows/temp/feb2007_xact_x86.cab: WARNING; possible 5960 extra bytes at end of file.
                                                       Executing cabextract -q -d /var/home/puppy/.local/share/Steam/steamapps/compatdata/4086956225/pfx/dosdevices/c:/windows/syswow64 -L -F x3daudio*.dll /var/home/puppy/.local/share/Steam/steamapps/compatdata/4086956225/pfx/dosdevices/c:/windows/temp/feb2007_xact_x86.cab
                                                                                                    /var/home/puppy/.local/share/Steam/steamapps/compatdata/4086956225/pfx/dosdevices/c:/windows/temp/feb2007_xact_x86.cab: WARNING; possible 5960 extra bytes at end of file.
                                                Executing cabextract -q -d /var/home/puppy/.local/share/Steam/steamapps/compatdata/4086956225/pfx/dosdevices/c:/windows/syswow64 -L -F xapofx*.dll /var/home/puppy/.local/share/Steam/steamapps/compatdata/4086956225/pfx/dosdevices/c:/windows/temp/feb2007_xact_x86.cab
                                                                                           /var/home/puppy/.local/share/Steam/steamapps/compatdata/4086956225/pfx/dosdevices/c:/windows/temp/feb2007_xact_x86.cab: WARNING; possible 5960 extra bytes at end of file.
                                       Executing cabextract -q -d /var/home/puppy/.local/share/Steam/steamapps/compatdata/4086956225/pfx/dosdevices/c:/windows/syswow64 -L -F xactengine*.dll /var/home/puppy/.local/share/Steam/steamapps/compatdata/4086956225/pfx/dosdevices/c:/windows/temp/feb2010_x3daudio_x86.cab
                                                                                          /var/home/puppy/.local/share/Steam/steamapps/compatdata/4086956225/pfx/dosdevices/c:/windows/temp/feb2010_x3daudio_x86.cab: WARNING; possible 5960 extra bytes at end of file.
                                          Executing cabextract -q -d /var/home/puppy/.local/share/Steam/steamapps/compatdata/4086956225/pfx/dosdevices/c:/windows/syswow64 -L -F xaudio*.dll /var/home/puppy/.local/share/Steam/steamapps/compatdata/4086956225/pfx/dosdevices/c:/windows/temp/feb2010_x3daudio_x86.cab
                                                                                         /var/home/puppy/.local/share/Steam/steamapps/compatdata/4086956225/pfx/dosdevices/c:/windows/temp/feb2010_x3daudio_x86.cab: WARNING; possible 5960 extra bytes at end of file.
                                         Executing cabextract -q -d /var/home/puppy/.local/share/Steam/steamapps/compatdata/4086956225/pfx/dosdevices/c:/windows/syswow64 -L -F x3daudio*.dll /var/home/puppy/.local/share/Steam/steamapps/compatdata/4086956225/pfx/dosdevices/c:/windows/temp/feb2010_x3daudio_x86.cab
                                                                                          /var/home/puppy/.local/share/Steam/steamapps/compatdata/4086956225/pfx/dosdevices/c:/windows/temp/feb2010_x3daudio_x86.cab: WARNING; possible 5960 extra bytes at end of file.
                                          Executing cabextract -q -d /var/home/puppy/.local/share/Steam/steamapps/compatdata/4086956225/pfx/dosdevices/c:/windows/syswow64 -L -F xapofx*.dll /var/home/puppy/.local/share/Steam/steamapps/compatdata/4086956225/pfx/dosdevices/c:/windows/temp/feb2010_x3daudio_x86.cab
                                                                                         /var/home/puppy/.local/share/Steam/steamapps/compatdata/4086956225/pfx/dosdevices/c:/windows/temp/feb2010_x3daudio_x86.cab: WARNING; possible 5960 extra bytes at end of file.
                                         Executing cabextract -q -d /var/home/puppy/.local/share/Steam/steamapps/compatdata/4086956225/pfx/dosdevices/c:/windows/syswow64 -L -F xactengine*.dll /var/home/puppy/.local/share/Steam/steamapps/compatdata/4086956225/pfx/dosdevices/c:/windows/temp/feb2010_xact_x86.cab
                                                                                        /var/home/puppy/.local/share/Steam/steamapps/compatdata/4086956225/pfx/dosdevices/c:/windows/temp/feb2010_xact_x86.cab: WARNING; possible 5960 extra bytes at end of file.
                                    Executing cabextract -q -d /var/home/puppy/.local/share/Steam/steamapps/compatdata/4086956225/pfx/dosdevices/c:/windows/syswow64 -L -F xaudio*.dll /var/home/puppy/.local/share/Steam/steamapps/compatdata/4086956225/pfx/dosdevices/c:/windows/temp/feb2010_xact_x86.cab
                                                                               /var/home/puppy/.local/share/Steam/steamapps/compatdata/4086956225/pfx/dosdevices/c:/windows/temp/feb2010_xact_x86.cab: WARNING; possible 5960 extra bytes at end of file.
                           Executing cabextract -q -d /var/home/puppy/.local/share/Steam/steamapps/compatdata/4086956225/pfx/dosdevices/c:/windows/syswow64 -L -F x3daudio*.dll /var/home/puppy/.local/share/Steam/steamapps/compatdata/4086956225/pfx/dosdevices/c:/windows/temp/feb2010_xact_x86.cab
                                                                        /var/home/puppy/.local/share/Steam/steamapps/compatdata/4086956225/pfx/dosdevices/c:/windows/temp/feb2010_xact_x86.cab: WARNING; possible 5960 extra bytes at end of file.
                    Executing cabextract -q -d /var/home/puppy/.local/share/Steam/steamapps/compatdata/4086956225/pfx/dosdevices/c:/windows/syswow64 -L -F xapofx*.dll /var/home/puppy/.local/share/Steam/steamapps/compatdata/4086956225/pfx/dosdevices/c:/windows/temp/feb2010_xact_x86.cab
                                                               /var/home/puppy/.local/share/Steam/steamapps/compatdata/4086956225/pfx/dosdevices/c:/windows/temp/feb2010_xact_x86.cab: WARNING; possible 5960 extra bytes at end of file.
           Executing cabextract -q -d /var/home/puppy/.local/share/Steam/steamapps/compatdata/4086956225/pfx/dosdevices/c:/windows/syswow64 -L -F xactengine*.dll /var/home/puppy/.local/share/Steam/steamapps/compatdata/4086956225/pfx/dosdevices/c:/windows/temp/feb2010_xaudio_x86.cab
                                                            /var/home/puppy/.local/share/Steam/steamapps/compatdata/4086956225/pfx/dosdevices/c:/windows/temp/feb2010_xaudio_x86.cab: WARNING; possible 5960 extra bytes at end of file.
          Executing cabextract -q -d /var/home/puppy/.local/share/Steam/steamapps/compatdata/4086956225/pfx/dosdevices/c:/windows/syswow64 -L -F xaudio*.dll /var/home/puppy/.local/share/Steam/steamapps/compatdata/4086956225/pfx/dosdevices/c:/windows/temp/feb2010_xaudio_x86.cab
                                                       /var/home/puppy/.local/share/Steam/steamapps/compatdata/4086956225/pfx/dosdevices/c:/windows/temp/feb2010_xaudio_x86.cab: WARNING; possible 5960 extra bytes at end of file.
     Executing cabextract -q -d /var/home/puppy/.local/share/Steam/steamapps/compatdata/4086956225/pfx/dosdevices/c:/windows/syswow64 -L -F x3daudio*.dll /var/home/puppy/.local/share/Steam/steamapps/compatdata/4086956225/pfx/dosdevices/c:/windows/temp/feb2010_xaudio_x86.cab
                                                    /var/home/puppy/.local/share/Steam/steamapps/compatdata/4086956225/pfx/dosdevices/c:/windows/temp/feb2010_xaudio_x86.cab: WARNING; possible 5960 extra bytes at end of file.
  Executing cabextract -q -d /var/home/puppy/.local/share/Steam/steamapps/compatdata/4086956225/pfx/dosdevices/c:/windows/syswow64 -L -F xapofx*.dll /var/home/puppy/.local/share/Steam/steamapps/compatdata/4086956225/pfx/dosdevices/c:/windows/temp/feb2010_xaudio_x86.cab
                                               /var/home/puppy/.local/share/Steam/steamapps/compatdata/4086956225/pfx/dosdevices/c:/windows/temp/feb2010_xaudio_x86.cab: WARNING; possible 5960 extra bytes at end of file.
                                                                                                            Executing cabextract -q -d /var/home/puppy/.local/share/Steam/steamapps/compatdata/4086956225/pfx/dosdevices/c:/windows/syswow64 -L -F xactengine*.dll /var/home/puppy/.local/share/Steam/steamapps/compatdata/4086956225/pfx/dosdevices/c:/windows/temp/jun2006_xact_x86.cab
                                            /var/home/puppy/.local/share/Steam/steamapps/compatdata/4086956225/pfx/dosdevices/c:/windows/temp/jun2006_xact_x86.cab: WARNING; possible 5960 extra bytes at end of file.
                                                                                                       Executing cabextract -q -d /var/home/puppy/.local/share/Steam/steamapps/compatdata/4086956225/pfx/dosdevices/c:/windows/syswow64 -L -F xaudio*.dll /var/home/puppy/.local/share/Steam/steamapps/compatdata/4086956225/pfx/dosdevices/c:/windows/temp/jun2006_xact_x86.cab
                                   /var/home/puppy/.local/share/Steam/steamapps/compatdata/4086956225/pfx/dosdevices/c:/windows/temp/jun2006_xact_x86.cab: WARNING; possible 5960 extra bytes at end of file.
                                                                                              Executing cabextract -q -d /var/home/puppy/.local/share/Steam/steamapps/compatdata/4086956225/pfx/dosdevices/c:/windows/syswow64 -L -F x3daudio*.dll /var/home/puppy/.local/share/Steam/steamapps/compatdata/4086956225/pfx/dosdevices/c:/windows/temp/jun2006_xact_x86.cab
                            /var/home/puppy/.local/share/Steam/steamapps/compatdata/4086956225/pfx/dosdevices/c:/windows/temp/jun2006_xact_x86.cab: WARNING; possible 5960 extra bytes at end of file.
                                                                                       Executing cabextract -q -d /var/home/puppy/.local/share/Steam/steamapps/compatdata/4086956225/pfx/dosdevices/c:/windows/syswow64 -L -F xapofx*.dll /var/home/puppy/.local/share/Steam/steamapps/compatdata/4086956225/pfx/dosdevices/c:/windows/temp/jun2006_xact_x86.cab
                   /var/home/puppy/.local/share/Steam/steamapps/compatdata/4086956225/pfx/dosdevices/c:/windows/temp/jun2006_xact_x86.cab: WARNING; possible 5960 extra bytes at end of file.
                                                                              Executing cabextract -q -d /var/home/puppy/.local/share/Steam/steamapps/compatdata/4086956225/pfx/dosdevices/c:/windows/syswow64 -L -F xactengine*.dll /var/home/puppy/.local/share/Steam/steamapps/compatdata/4086956225/pfx/dosdevices/c:/windows/temp/jun2007_xact_x86.cab
              /var/home/puppy/.local/share/Steam/steamapps/compatdata/4086956225/pfx/dosdevices/c:/windows/temp/jun2007_xact_x86.cab: WARNING; possible 5960 extra bytes at end of file.
                                                                         Executing cabextract -q -d /var/home/puppy/.local/share/Steam/steamapps/compatdata/4086956225/pfx/dosdevices/c:/windows/syswow64 -L -F xaudio*.dll /var/home/puppy/.local/share/Steam/steamapps/compatdata/4086956225/pfx/dosdevices/c:/windows/temp/jun2007_xact_x86.cab
     /var/home/puppy/.local/share/Steam/steamapps/compatdata/4086956225/pfx/dosdevices/c:/windows/temp/jun2007_xact_x86.cab: WARNING; possible 5960 extra bytes at end of file.
                                                                Executing cabextract -q -d /var/home/puppy/.local/share/Steam/steamapps/compatdata/4086956225/pfx/dosdevices/c:/windows/syswow64 -L -F x3daudio*.dll /var/home/puppy/.local/share/Steam/steamapps/compatdata/4086956225/pfx/dosdevices/c:/windows/temp/jun2007_xact_x86.cab
                                                                                                             /var/home/puppy/.local/share/Steam/steamapps/compatdata/4086956225/pfx/dosdevices/c:/windows/temp/jun2007_xact_x86.cab: WARNING; possible 5960 extra bytes at end of file.
                                                         Executing cabextract -q -d /var/home/puppy/.local/share/Steam/steamapps/compatdata/4086956225/pfx/dosdevices/c:/windows/syswow64 -L -F xapofx*.dll /var/home/puppy/.local/share/Steam/steamapps/compatdata/4086956225/pfx/dosdevices/c:/windows/temp/jun2007_xact_x86.cab
                                                                                                    /var/home/puppy/.local/share/Steam/steamapps/compatdata/4086956225/pfx/dosdevices/c:/windows/temp/jun2007_xact_x86.cab: WARNING; possible 5960 extra bytes at end of file.
                                                Executing cabextract -q -d /var/home/puppy/.local/share/Steam/steamapps/compatdata/4086956225/pfx/dosdevices/c:/windows/syswow64 -L -F xactengine*.dll /var/home/puppy/.local/share/Steam/steamapps/compatdata/4086956225/pfx/dosdevices/c:/windows/temp/jun2008_x3daudio_x86.cab
                                                                                                   /var/home/puppy/.local/share/Steam/steamapps/compatdata/4086956225/pfx/dosdevices/c:/windows/temp/jun2008_x3daudio_x86.cab: WARNING; possible 5960 extra bytes at end of file.
                                                   Executing cabextract -q -d /var/home/puppy/.local/share/Steam/steamapps/compatdata/4086956225/pfx/dosdevices/c:/windows/syswow64 -L -F xaudio*.dll /var/home/puppy/.local/share/Steam/steamapps/compatdata/4086956225/pfx/dosdevices/c:/windows/temp/jun2008_x3daudio_x86.cab
                                                                                                  /var/home/puppy/.local/share/Steam/steamapps/compatdata/4086956225/pfx/dosdevices/c:/windows/temp/jun2008_x3daudio_x86.cab: WARNING; possible 5960 extra bytes at end of file.
                                                  Executing cabextract -q -d /var/home/puppy/.local/share/Steam/steamapps/compatdata/4086956225/pfx/dosdevices/c:/windows/syswow64 -L -F x3daudio*.dll /var/home/puppy/.local/share/Steam/steamapps/compatdata/4086956225/pfx/dosdevices/c:/windows/temp/jun2008_x3daudio_x86.cab
                                                                                                   /var/home/puppy/.local/share/Steam/steamapps/compatdata/4086956225/pfx/dosdevices/c:/windows/temp/jun2008_x3daudio_x86.cab: WARNING; possible 5960 extra bytes at end of file.
                                                   Executing cabextract -q -d /var/home/puppy/.local/share/Steam/steamapps/compatdata/4086956225/pfx/dosdevices/c:/windows/syswow64 -L -F xapofx*.dll /var/home/puppy/.local/share/Steam/steamapps/compatdata/4086956225/pfx/dosdevices/c:/windows/temp/jun2008_x3daudio_x86.cab
                                                                                                  /var/home/puppy/.local/share/Steam/steamapps/compatdata/4086956225/pfx/dosdevices/c:/windows/temp/jun2008_x3daudio_x86.cab: WARNING; possible 5960 extra bytes at end of file.
                                                  Executing cabextract -q -d /var/home/puppy/.local/share/Steam/steamapps/compatdata/4086956225/pfx/dosdevices/c:/windows/syswow64 -L -F xactengine*.dll /var/home/puppy/.local/share/Steam/steamapps/compatdata/4086956225/pfx/dosdevices/c:/windows/temp/jun2008_xact_x86.cab
                                                                                                 /var/home/puppy/.local/share/Steam/steamapps/compatdata/4086956225/pfx/dosdevices/c:/windows/temp/jun2008_xact_x86.cab: WARNING; possible 5960 extra bytes at end of file.
                                             Executing cabextract -q -d /var/home/puppy/.local/share/Steam/steamapps/compatdata/4086956225/pfx/dosdevices/c:/windows/syswow64 -L -F xaudio*.dll /var/home/puppy/.local/share/Steam/steamapps/compatdata/4086956225/pfx/dosdevices/c:/windows/temp/jun2008_xact_x86.cab
                                                                                        /var/home/puppy/.local/share/Steam/steamapps/compatdata/4086956225/pfx/dosdevices/c:/windows/temp/jun2008_xact_x86.cab: WARNING; possible 5960 extra bytes at end of file.
                                    Executing cabextract -q -d /var/home/puppy/.local/share/Steam/steamapps/compatdata/4086956225/pfx/dosdevices/c:/windows/syswow64 -L -F x3daudio*.dll /var/home/puppy/.local/share/Steam/steamapps/compatdata/4086956225/pfx/dosdevices/c:/windows/temp/jun2008_xact_x86.cab
                                                                                 /var/home/puppy/.local/share/Steam/steamapps/compatdata/4086956225/pfx/dosdevices/c:/windows/temp/jun2008_xact_x86.cab: WARNING; possible 5960 extra bytes at end of file.
                             Executing cabextract -q -d /var/home/puppy/.local/share/Steam/steamapps/compatdata/4086956225/pfx/dosdevices/c:/windows/syswow64 -L -F xapofx*.dll /var/home/puppy/.local/share/Steam/steamapps/compatdata/4086956225/pfx/dosdevices/c:/windows/temp/jun2008_xact_x86.cab
                                                                        /var/home/puppy/.local/share/Steam/steamapps/compatdata/4086956225/pfx/dosdevices/c:/windows/temp/jun2008_xact_x86.cab: WARNING; possible 5960 extra bytes at end of file.
                    Executing cabextract -q -d /var/home/puppy/.local/share/Steam/steamapps/compatdata/4086956225/pfx/dosdevices/c:/windows/syswow64 -L -F xactengine*.dll /var/home/puppy/.local/share/Steam/steamapps/compatdata/4086956225/pfx/dosdevices/c:/windows/temp/jun2008_xaudio_x86.cab
                                                                     /var/home/puppy/.local/share/Steam/steamapps/compatdata/4086956225/pfx/dosdevices/c:/windows/temp/jun2008_xaudio_x86.cab: WARNING; possible 5960 extra bytes at end of file.
                   Executing cabextract -q -d /var/home/puppy/.local/share/Steam/steamapps/compatdata/4086956225/pfx/dosdevices/c:/windows/syswow64 -L -F xaudio*.dll /var/home/puppy/.local/share/Steam/steamapps/compatdata/4086956225/pfx/dosdevices/c:/windows/temp/jun2008_xaudio_x86.cab
                                                                /var/home/puppy/.local/share/Steam/steamapps/compatdata/4086956225/pfx/dosdevices/c:/windows/temp/jun2008_xaudio_x86.cab: WARNING; possible 5960 extra bytes at end of file.
              Executing cabextract -q -d /var/home/puppy/.local/share/Steam/steamapps/compatdata/4086956225/pfx/dosdevices/c:/windows/syswow64 -L -F x3daudio*.dll /var/home/puppy/.local/share/Steam/steamapps/compatdata/4086956225/pfx/dosdevices/c:/windows/temp/jun2008_xaudio_x86.cab
                                                             /var/home/puppy/.local/share/Steam/steamapps/compatdata/4086956225/pfx/dosdevices/c:/windows/temp/jun2008_xaudio_x86.cab: WARNING; possible 5960 extra bytes at end of file.
           Executing cabextract -q -d /var/home/puppy/.local/share/Steam/steamapps/compatdata/4086956225/pfx/dosdevices/c:/windows/syswow64 -L -F xapofx*.dll /var/home/puppy/.local/share/Steam/steamapps/compatdata/4086956225/pfx/dosdevices/c:/windows/temp/jun2008_xaudio_x86.cab
                                                        /var/home/puppy/.local/share/Steam/steamapps/compatdata/4086956225/pfx/dosdevices/c:/windows/temp/jun2008_xaudio_x86.cab: WARNING; possible 5960 extra bytes at end of file.
      Executing cabextract -q -d /var/home/puppy/.local/share/Steam/steamapps/compatdata/4086956225/pfx/dosdevices/c:/windows/syswow64 -L -F xactengine*.dll /var/home/puppy/.local/share/Steam/steamapps/compatdata/4086956225/pfx/dosdevices/c:/windows/temp/jun2010_xact_x86.cab
                                                     /var/home/puppy/.local/share/Steam/steamapps/compatdata/4086956225/pfx/dosdevices/c:/windows/temp/jun2010_xact_x86.cab: WARNING; possible 5960 extra bytes at end of file.
 Executing cabextract -q -d /var/home/puppy/.local/share/Steam/steamapps/compatdata/4086956225/pfx/dosdevices/c:/windows/syswow64 -L -F xaudio*.dll /var/home/puppy/.local/share/Steam/steamapps/compatdata/4086956225/pfx/dosdevices/c:/windows/temp/jun2010_xact_x86.cab
                                            /var/home/puppy/.local/share/Steam/steamapps/compatdata/4086956225/pfx/dosdevices/c:/windows/temp/jun2010_xact_x86.cab: WARNING; possible 5960 extra bytes at end of file.
                                                                                                       Executing cabextract -q -d /var/home/puppy/.local/share/Steam/steamapps/compatdata/4086956225/pfx/dosdevices/c:/windows/syswow64 -L -F x3daudio*.dll /var/home/puppy/.local/share/Steam/steamapps/compatdata/4086956225/pfx/dosdevices/c:/windows/temp/jun2010_xact_x86.cab
                                     /var/home/puppy/.local/share/Steam/steamapps/compatdata/4086956225/pfx/dosdevices/c:/windows/temp/jun2010_xact_x86.cab: WARNING; possible 5960 extra bytes at end of file.
                                                                                                Executing cabextract -q -d /var/home/puppy/.local/share/Steam/steamapps/compatdata/4086956225/pfx/dosdevices/c:/windows/syswow64 -L -F xapofx*.dll /var/home/puppy/.local/share/Steam/steamapps/compatdata/4086956225/pfx/dosdevices/c:/windows/temp/jun2010_xact_x86.cab
                            /var/home/puppy/.local/share/Steam/steamapps/compatdata/4086956225/pfx/dosdevices/c:/windows/temp/jun2010_xact_x86.cab: WARNING; possible 5960 extra bytes at end of file.
                                                                                       Executing cabextract -q -d /var/home/puppy/.local/share/Steam/steamapps/compatdata/4086956225/pfx/dosdevices/c:/windows/syswow64 -L -F xactengine*.dll /var/home/puppy/.local/share/Steam/steamapps/compatdata/4086956225/pfx/dosdevices/c:/windows/temp/jun2010_xaudio_x86.cab
                         /var/home/puppy/.local/share/Steam/steamapps/compatdata/4086956225/pfx/dosdevices/c:/windows/temp/jun2010_xaudio_x86.cab: WARNING; possible 5960 extra bytes at end of file.
                                                                                      Executing cabextract -q -d /var/home/puppy/.local/share/Steam/steamapps/compatdata/4086956225/pfx/dosdevices/c:/windows/syswow64 -L -F xaudio*.dll /var/home/puppy/.local/share/Steam/steamapps/compatdata/4086956225/pfx/dosdevices/c:/windows/temp/jun2010_xaudio_x86.cab
                    /var/home/puppy/.local/share/Steam/steamapps/compatdata/4086956225/pfx/dosdevices/c:/windows/temp/jun2010_xaudio_x86.cab: WARNING; possible 5960 extra bytes at end of file.
                                                                                 Executing cabextract -q -d /var/home/puppy/.local/share/Steam/steamapps/compatdata/4086956225/pfx/dosdevices/c:/windows/syswow64 -L -F x3daudio*.dll /var/home/puppy/.local/share/Steam/steamapps/compatdata/4086956225/pfx/dosdevices/c:/windows/temp/jun2010_xaudio_x86.cab
                 /var/home/puppy/.local/share/Steam/steamapps/compatdata/4086956225/pfx/dosdevices/c:/windows/temp/jun2010_xaudio_x86.cab: WARNING; possible 5960 extra bytes at end of file.
                                                                              Executing cabextract -q -d /var/home/puppy/.local/share/Steam/steamapps/compatdata/4086956225/pfx/dosdevices/c:/windows/syswow64 -L -F xapofx*.dll /var/home/puppy/.local/share/Steam/steamapps/compatdata/4086956225/pfx/dosdevices/c:/windows/temp/jun2010_xaudio_x86.cab
            /var/home/puppy/.local/share/Steam/steamapps/compatdata/4086956225/pfx/dosdevices/c:/windows/temp/jun2010_xaudio_x86.cab: WARNING; possible 5960 extra bytes at end of file.
                                                                         Executing cabextract -q -d /var/home/puppy/.local/share/Steam/steamapps/compatdata/4086956225/pfx/dosdevices/c:/windows/syswow64 -L -F xactengine*.dll /var/home/puppy/.local/share/Steam/steamapps/compatdata/4086956225/pfx/dosdevices/c:/windows/temp/mar2008_x3daudio_x86.cab
             /var/home/puppy/.local/share/Steam/steamapps/compatdata/4086956225/pfx/dosdevices/c:/windows/temp/mar2008_x3daudio_x86.cab: WARNING; possible 5960 extra bytes at end of file.
                                                                            Executing cabextract -q -d /var/home/puppy/.local/share/Steam/steamapps/compatdata/4086956225/pfx/dosdevices/c:/windows/syswow64 -L -F xaudio*.dll /var/home/puppy/.local/share/Steam/steamapps/compatdata/4086956225/pfx/dosdevices/c:/windows/temp/mar2008_x3daudio_x86.cab
            /var/home/puppy/.local/share/Steam/steamapps/compatdata/4086956225/pfx/dosdevices/c:/windows/temp/mar2008_x3daudio_x86.cab: WARNING; possible 5960 extra bytes at end of file.
                                                                           Executing cabextract -q -d /var/home/puppy/.local/share/Steam/steamapps/compatdata/4086956225/pfx/dosdevices/c:/windows/syswow64 -L -F x3daudio*.dll /var/home/puppy/.local/share/Steam/steamapps/compatdata/4086956225/pfx/dosdevices/c:/windows/temp/mar2008_x3daudio_x86.cab
             /var/home/puppy/.local/share/Steam/steamapps/compatdata/4086956225/pfx/dosdevices/c:/windows/temp/mar2008_x3daudio_x86.cab: WARNING; possible 5960 extra bytes at end of file.
                                                                            Executing cabextract -q -d /var/home/puppy/.local/share/Steam/steamapps/compatdata/4086956225/pfx/dosdevices/c:/windows/syswow64 -L -F xapofx*.dll /var/home/puppy/.local/share/Steam/steamapps/compatdata/4086956225/pfx/dosdevices/c:/windows/temp/mar2008_x3daudio_x86.cab
            /var/home/puppy/.local/share/Steam/steamapps/compatdata/4086956225/pfx/dosdevices/c:/windows/temp/mar2008_x3daudio_x86.cab: WARNING; possible 5960 extra bytes at end of file.
                                                                           Executing cabextract -q -d /var/home/puppy/.local/share/Steam/steamapps/compatdata/4086956225/pfx/dosdevices/c:/windows/syswow64 -L -F xactengine*.dll /var/home/puppy/.local/share/Steam/steamapps/compatdata/4086956225/pfx/dosdevices/c:/windows/temp/mar2008_xact_x86.cab
           /var/home/puppy/.local/share/Steam/steamapps/compatdata/4086956225/pfx/dosdevices/c:/windows/temp/mar2008_xact_x86.cab: WARNING; possible 5960 extra bytes at end of file.
                                                                      Executing cabextract -q -d /var/home/puppy/.local/share/Steam/steamapps/compatdata/4086956225/pfx/dosdevices/c:/windows/syswow64 -L -F xaudio*.dll /var/home/puppy/.local/share/Steam/steamapps/compatdata/4086956225/pfx/dosdevices/c:/windows/temp/mar2008_xact_x86.cab
  /var/home/puppy/.local/share/Steam/steamapps/compatdata/4086956225/pfx/dosdevices/c:/windows/temp/mar2008_xact_x86.cab: WARNING; possible 5960 extra bytes at end of file.
                                                             Executing cabextract -q -d /var/home/puppy/.local/share/Steam/steamapps/compatdata/4086956225/pfx/dosdevices/c:/windows/syswow64 -L -F x3daudio*.dll /var/home/puppy/.local/share/Steam/steamapps/compatdata/4086956225/pfx/dosdevices/c:/windows/temp/mar2008_xact_x86.cab
                                                                                                          /var/home/puppy/.local/share/Steam/steamapps/compatdata/4086956225/pfx/dosdevices/c:/windows/temp/mar2008_xact_x86.cab: WARNING; possible 5960 extra bytes at end of file.
                                                      Executing cabextract -q -d /var/home/puppy/.local/share/Steam/steamapps/compatdata/4086956225/pfx/dosdevices/c:/windows/syswow64 -L -F xapofx*.dll /var/home/puppy/.local/share/Steam/steamapps/compatdata/4086956225/pfx/dosdevices/c:/windows/temp/mar2008_xact_x86.cab
                                                                                                 /var/home/puppy/.local/share/Steam/steamapps/compatdata/4086956225/pfx/dosdevices/c:/windows/temp/mar2008_xact_x86.cab: WARNING; possible 5960 extra bytes at end of file.
                                             Executing cabextract -q -d /var/home/puppy/.local/share/Steam/steamapps/compatdata/4086956225/pfx/dosdevices/c:/windows/syswow64 -L -F xactengine*.dll /var/home/puppy/.local/share/Steam/steamapps/compatdata/4086956225/pfx/dosdevices/c:/windows/temp/mar2008_xaudio_x86.cab
                                                                                              /var/home/puppy/.local/share/Steam/steamapps/compatdata/4086956225/pfx/dosdevices/c:/windows/temp/mar2008_xaudio_x86.cab: WARNING; possible 5960 extra bytes at end of file.
                                            Executing cabextract -q -d /var/home/puppy/.local/share/Steam/steamapps/compatdata/4086956225/pfx/dosdevices/c:/windows/syswow64 -L -F xaudio*.dll /var/home/puppy/.local/share/Steam/steamapps/compatdata/4086956225/pfx/dosdevices/c:/windows/temp/mar2008_xaudio_x86.cab
                                                                                         /var/home/puppy/.local/share/Steam/steamapps/compatdata/4086956225/pfx/dosdevices/c:/windows/temp/mar2008_xaudio_x86.cab: WARNING; possible 5960 extra bytes at end of file.
                                       Executing cabextract -q -d /var/home/puppy/.local/share/Steam/steamapps/compatdata/4086956225/pfx/dosdevices/c:/windows/syswow64 -L -F x3daudio*.dll /var/home/puppy/.local/share/Steam/steamapps/compatdata/4086956225/pfx/dosdevices/c:/windows/temp/mar2008_xaudio_x86.cab
                                                                                      /var/home/puppy/.local/share/Steam/steamapps/compatdata/4086956225/pfx/dosdevices/c:/windows/temp/mar2008_xaudio_x86.cab: WARNING; possible 5960 extra bytes at end of file.
                                    Executing cabextract -q -d /var/home/puppy/.local/share/Steam/steamapps/compatdata/4086956225/pfx/dosdevices/c:/windows/syswow64 -L -F xapofx*.dll /var/home/puppy/.local/share/Steam/steamapps/compatdata/4086956225/pfx/dosdevices/c:/windows/temp/mar2008_xaudio_x86.cab
                                                                                 /var/home/puppy/.local/share/Steam/steamapps/compatdata/4086956225/pfx/dosdevices/c:/windows/temp/mar2008_xaudio_x86.cab: WARNING; possible 5960 extra bytes at end of file.
                               Executing cabextract -q -d /var/home/puppy/.local/share/Steam/steamapps/compatdata/4086956225/pfx/dosdevices/c:/windows/syswow64 -L -F xactengine*.dll /var/home/puppy/.local/share/Steam/steamapps/compatdata/4086956225/pfx/dosdevices/c:/windows/temp/mar2009_x3daudio_x86.cab
                                                                                  /var/home/puppy/.local/share/Steam/steamapps/compatdata/4086956225/pfx/dosdevices/c:/windows/temp/mar2009_x3daudio_x86.cab: WARNING; possible 5960 extra bytes at end of file.
                                  Executing cabextract -q -d /var/home/puppy/.local/share/Steam/steamapps/compatdata/4086956225/pfx/dosdevices/c:/windows/syswow64 -L -F xaudio*.dll /var/home/puppy/.local/share/Steam/steamapps/compatdata/4086956225/pfx/dosdevices/c:/windows/temp/mar2009_x3daudio_x86.cab
                                                                                 /var/home/puppy/.local/share/Steam/steamapps/compatdata/4086956225/pfx/dosdevices/c:/windows/temp/mar2009_x3daudio_x86.cab: WARNING; possible 5960 extra bytes at end of file.
                                 Executing cabextract -q -d /var/home/puppy/.local/share/Steam/steamapps/compatdata/4086956225/pfx/dosdevices/c:/windows/syswow64 -L -F x3daudio*.dll /var/home/puppy/.local/share/Steam/steamapps/compatdata/4086956225/pfx/dosdevices/c:/windows/temp/mar2009_x3daudio_x86.cab
                                                                                  /var/home/puppy/.local/share/Steam/steamapps/compatdata/4086956225/pfx/dosdevices/c:/windows/temp/mar2009_x3daudio_x86.cab: WARNING; possible 5960 extra bytes at end of file.
                                  Executing cabextract -q -d /var/home/puppy/.local/share/Steam/steamapps/compatdata/4086956225/pfx/dosdevices/c:/windows/syswow64 -L -F xapofx*.dll /var/home/puppy/.local/share/Steam/steamapps/compatdata/4086956225/pfx/dosdevices/c:/windows/temp/mar2009_x3daudio_x86.cab
                                                                                 /var/home/puppy/.local/share/Steam/steamapps/compatdata/4086956225/pfx/dosdevices/c:/windows/temp/mar2009_x3daudio_x86.cab: WARNING; possible 5960 extra bytes at end of file.
                                 Executing cabextract -q -d /var/home/puppy/.local/share/Steam/steamapps/compatdata/4086956225/pfx/dosdevices/c:/windows/syswow64 -L -F xactengine*.dll /var/home/puppy/.local/share/Steam/steamapps/compatdata/4086956225/pfx/dosdevices/c:/windows/temp/mar2009_xact_x86.cab
                                                                                /var/home/puppy/.local/share/Steam/steamapps/compatdata/4086956225/pfx/dosdevices/c:/windows/temp/mar2009_xact_x86.cab: WARNING; possible 5960 extra bytes at end of file.
                            Executing cabextract -q -d /var/home/puppy/.local/share/Steam/steamapps/compatdata/4086956225/pfx/dosdevices/c:/windows/syswow64 -L -F xaudio*.dll /var/home/puppy/.local/share/Steam/steamapps/compatdata/4086956225/pfx/dosdevices/c:/windows/temp/mar2009_xact_x86.cab
                                                                       /var/home/puppy/.local/share/Steam/steamapps/compatdata/4086956225/pfx/dosdevices/c:/windows/temp/mar2009_xact_x86.cab: WARNING; possible 5960 extra bytes at end of file.
                   Executing cabextract -q -d /var/home/puppy/.local/share/Steam/steamapps/compatdata/4086956225/pfx/dosdevices/c:/windows/syswow64 -L -F x3daudio*.dll /var/home/puppy/.local/share/Steam/steamapps/compatdata/4086956225/pfx/dosdevices/c:/windows/temp/mar2009_xact_x86.cab
                                                                /var/home/puppy/.local/share/Steam/steamapps/compatdata/4086956225/pfx/dosdevices/c:/windows/temp/mar2009_xact_x86.cab: WARNING; possible 5960 extra bytes at end of file.
            Executing cabextract -q -d /var/home/puppy/.local/share/Steam/steamapps/compatdata/4086956225/pfx/dosdevices/c:/windows/syswow64 -L -F xapofx*.dll /var/home/puppy/.local/share/Steam/steamapps/compatdata/4086956225/pfx/dosdevices/c:/windows/temp/mar2009_xact_x86.cab
                                                       /var/home/puppy/.local/share/Steam/steamapps/compatdata/4086956225/pfx/dosdevices/c:/windows/temp/mar2009_xact_x86.cab: WARNING; possible 5960 extra bytes at end of file.
   Executing cabextract -q -d /var/home/puppy/.local/share/Steam/steamapps/compatdata/4086956225/pfx/dosdevices/c:/windows/syswow64 -L -F xactengine*.dll /var/home/puppy/.local/share/Steam/steamapps/compatdata/4086956225/pfx/dosdevices/c:/windows/temp/mar2009_xaudio_x86.cab
                                                    /var/home/puppy/.local/share/Steam/steamapps/compatdata/4086956225/pfx/dosdevices/c:/windows/temp/mar2009_xaudio_x86.cab: WARNING; possible 5960 extra bytes at end of file.
  Executing cabextract -q -d /var/home/puppy/.local/share/Steam/steamapps/compatdata/4086956225/pfx/dosdevices/c:/windows/syswow64 -L -F xaudio*.dll /var/home/puppy/.local/share/Steam/steamapps/compatdata/4086956225/pfx/dosdevices/c:/windows/temp/mar2009_xaudio_x86.cab
                                               /var/home/puppy/.local/share/Steam/steamapps/compatdata/4086956225/pfx/dosdevices/c:/windows/temp/mar2009_xaudio_x86.cab: WARNING; possible 5960 extra bytes at end of file.
                                                                                                            Executing cabextract -q -d /var/home/puppy/.local/share/Steam/steamapps/compatdata/4086956225/pfx/dosdevices/c:/windows/syswow64 -L -F x3daudio*.dll /var/home/puppy/.local/share/Steam/steamapps/compatdata/4086956225/pfx/dosdevices/c:/windows/temp/mar2009_xaudio_x86.cab
                                            /var/home/puppy/.local/share/Steam/steamapps/compatdata/4086956225/pfx/dosdevices/c:/windows/temp/mar2009_xaudio_x86.cab: WARNING; possible 5960 extra bytes at end of file.
                                                                                                         Executing cabextract -q -d /var/home/puppy/.local/share/Steam/steamapps/compatdata/4086956225/pfx/dosdevices/c:/windows/syswow64 -L -F xapofx*.dll /var/home/puppy/.local/share/Steam/steamapps/compatdata/4086956225/pfx/dosdevices/c:/windows/temp/mar2009_xaudio_x86.cab
                                       /var/home/puppy/.local/share/Steam/steamapps/compatdata/4086956225/pfx/dosdevices/c:/windows/temp/mar2009_xaudio_x86.cab: WARNING; possible 5960 extra bytes at end of file.
                                                                                                    Executing cabextract -q -d /var/home/puppy/.local/share/Steam/steamapps/compatdata/4086956225/pfx/dosdevices/c:/windows/syswow64 -L -F xactengine*.dll /var/home/puppy/.local/share/Steam/steamapps/compatdata/4086956225/pfx/dosdevices/c:/windows/temp/nov2007_x3daudio_x86.cab
                                        /var/home/puppy/.local/share/Steam/steamapps/compatdata/4086956225/pfx/dosdevices/c:/windows/temp/nov2007_x3daudio_x86.cab: WARNING; possible 5960 extra bytes at end of file.
                                                                                                       Executing cabextract -q -d /var/home/puppy/.local/share/Steam/steamapps/compatdata/4086956225/pfx/dosdevices/c:/windows/syswow64 -L -F xaudio*.dll /var/home/puppy/.local/share/Steam/steamapps/compatdata/4086956225/pfx/dosdevices/c:/windows/temp/nov2007_x3daudio_x86.cab
                                       /var/home/puppy/.local/share/Steam/steamapps/compatdata/4086956225/pfx/dosdevices/c:/windows/temp/nov2007_x3daudio_x86.cab: WARNING; possible 5960 extra bytes at end of file.
                                                                                                      Executing cabextract -q -d /var/home/puppy/.local/share/Steam/steamapps/compatdata/4086956225/pfx/dosdevices/c:/windows/syswow64 -L -F x3daudio*.dll /var/home/puppy/.local/share/Steam/steamapps/compatdata/4086956225/pfx/dosdevices/c:/windows/temp/nov2007_x3daudio_x86.cab
                                        /var/home/puppy/.local/share/Steam/steamapps/compatdata/4086956225/pfx/dosdevices/c:/windows/temp/nov2007_x3daudio_x86.cab: WARNING; possible 5960 extra bytes at end of file.
                                                                                                       Executing cabextract -q -d /var/home/puppy/.local/share/Steam/steamapps/compatdata/4086956225/pfx/dosdevices/c:/windows/syswow64 -L -F xapofx*.dll /var/home/puppy/.local/share/Steam/steamapps/compatdata/4086956225/pfx/dosdevices/c:/windows/temp/nov2007_x3daudio_x86.cab
                                       /var/home/puppy/.local/share/Steam/steamapps/compatdata/4086956225/pfx/dosdevices/c:/windows/temp/nov2007_x3daudio_x86.cab: WARNING; possible 5960 extra bytes at end of file.
                                                                                                      Executing cabextract -q -d /var/home/puppy/.local/share/Steam/steamapps/compatdata/4086956225/pfx/dosdevices/c:/windows/syswow64 -L -F xactengine*.dll /var/home/puppy/.local/share/Steam/steamapps/compatdata/4086956225/pfx/dosdevices/c:/windows/temp/nov2007_xact_x86.cab
                                      /var/home/puppy/.local/share/Steam/steamapps/compatdata/4086956225/pfx/dosdevices/c:/windows/temp/nov2007_xact_x86.cab: WARNING; possible 5960 extra bytes at end of file.
                                                                                                 Executing cabextract -q -d /var/home/puppy/.local/share/Steam/steamapps/compatdata/4086956225/pfx/dosdevices/c:/windows/syswow64 -L -F xaudio*.dll /var/home/puppy/.local/share/Steam/steamapps/compatdata/4086956225/pfx/dosdevices/c:/windows/temp/nov2007_xact_x86.cab
                             /var/home/puppy/.local/share/Steam/steamapps/compatdata/4086956225/pfx/dosdevices/c:/windows/temp/nov2007_xact_x86.cab: WARNING; possible 5960 extra bytes at end of file.
                                                                                        Executing cabextract -q -d /var/home/puppy/.local/share/Steam/steamapps/compatdata/4086956225/pfx/dosdevices/c:/windows/syswow64 -L -F x3daudio*.dll /var/home/puppy/.local/share/Steam/steamapps/compatdata/4086956225/pfx/dosdevices/c:/windows/temp/nov2007_xact_x86.cab
                      /var/home/puppy/.local/share/Steam/steamapps/compatdata/4086956225/pfx/dosdevices/c:/windows/temp/nov2007_xact_x86.cab: WARNING; possible 5960 extra bytes at end of file.
                                                                                 Executing cabextract -q -d /var/home/puppy/.local/share/Steam/steamapps/compatdata/4086956225/pfx/dosdevices/c:/windows/syswow64 -L -F xapofx*.dll /var/home/puppy/.local/share/Steam/steamapps/compatdata/4086956225/pfx/dosdevices/c:/windows/temp/nov2007_xact_x86.cab
             /var/home/puppy/.local/share/Steam/steamapps/compatdata/4086956225/pfx/dosdevices/c:/windows/temp/nov2007_xact_x86.cab: WARNING; possible 5960 extra bytes at end of file.
                                                                        Executing cabextract -q -d /var/home/puppy/.local/share/Steam/steamapps/compatdata/4086956225/pfx/dosdevices/c:/windows/syswow64 -L -F xactengine*.dll /var/home/puppy/.local/share/Steam/steamapps/compatdata/4086956225/pfx/dosdevices/c:/windows/temp/nov2008_x3daudio_x86.cab
            /var/home/puppy/.local/share/Steam/steamapps/compatdata/4086956225/pfx/dosdevices/c:/windows/temp/nov2008_x3daudio_x86.cab: WARNING; possible 5960 extra bytes at end of file.
                                                                           Executing cabextract -q -d /var/home/puppy/.local/share/Steam/steamapps/compatdata/4086956225/pfx/dosdevices/c:/windows/syswow64 -L -F xaudio*.dll /var/home/puppy/.local/share/Steam/steamapps/compatdata/4086956225/pfx/dosdevices/c:/windows/temp/nov2008_x3daudio_x86.cab
           /var/home/puppy/.local/share/Steam/steamapps/compatdata/4086956225/pfx/dosdevices/c:/windows/temp/nov2008_x3daudio_x86.cab: WARNING; possible 5960 extra bytes at end of file.
                                                                          Executing cabextract -q -d /var/home/puppy/.local/share/Steam/steamapps/compatdata/4086956225/pfx/dosdevices/c:/windows/syswow64 -L -F x3daudio*.dll /var/home/puppy/.local/share/Steam/steamapps/compatdata/4086956225/pfx/dosdevices/c:/windows/temp/nov2008_x3daudio_x86.cab
            /var/home/puppy/.local/share/Steam/steamapps/compatdata/4086956225/pfx/dosdevices/c:/windows/temp/nov2008_x3daudio_x86.cab: WARNING; possible 5960 extra bytes at end of file.
                                                                           Executing cabextract -q -d /var/home/puppy/.local/share/Steam/steamapps/compatdata/4086956225/pfx/dosdevices/c:/windows/syswow64 -L -F xapofx*.dll /var/home/puppy/.local/share/Steam/steamapps/compatdata/4086956225/pfx/dosdevices/c:/windows/temp/nov2008_x3daudio_x86.cab
           /var/home/puppy/.local/share/Steam/steamapps/compatdata/4086956225/pfx/dosdevices/c:/windows/temp/nov2008_x3daudio_x86.cab: WARNING; possible 5960 extra bytes at end of file.
                                                                          Executing cabextract -q -d /var/home/puppy/.local/share/Steam/steamapps/compatdata/4086956225/pfx/dosdevices/c:/windows/syswow64 -L -F xactengine*.dll /var/home/puppy/.local/share/Steam/steamapps/compatdata/4086956225/pfx/dosdevices/c:/windows/temp/nov2008_xact_x86.cab
          /var/home/puppy/.local/share/Steam/steamapps/compatdata/4086956225/pfx/dosdevices/c:/windows/temp/nov2008_xact_x86.cab: WARNING; possible 5960 extra bytes at end of file.
                                                                     Executing cabextract -q -d /var/home/puppy/.local/share/Steam/steamapps/compatdata/4086956225/pfx/dosdevices/c:/windows/syswow64 -L -F xaudio*.dll /var/home/puppy/.local/share/Steam/steamapps/compatdata/4086956225/pfx/dosdevices/c:/windows/temp/nov2008_xact_x86.cab
 /var/home/puppy/.local/share/Steam/steamapps/compatdata/4086956225/pfx/dosdevices/c:/windows/temp/nov2008_xact_x86.cab: WARNING; possible 5960 extra bytes at end of file.
                                                            Executing cabextract -q -d /var/home/puppy/.local/share/Steam/steamapps/compatdata/4086956225/pfx/dosdevices/c:/windows/syswow64 -L -F x3daudio*.dll /var/home/puppy/.local/share/Steam/steamapps/compatdata/4086956225/pfx/dosdevices/c:/windows/temp/nov2008_xact_x86.cab
                                                                                                         /var/home/puppy/.local/share/Steam/steamapps/compatdata/4086956225/pfx/dosdevices/c:/windows/temp/nov2008_xact_x86.cab: WARNING; possible 5960 extra bytes at end of file.
                                                     Executing cabextract -q -d /var/home/puppy/.local/share/Steam/steamapps/compatdata/4086956225/pfx/dosdevices/c:/windows/syswow64 -L -F xapofx*.dll /var/home/puppy/.local/share/Steam/steamapps/compatdata/4086956225/pfx/dosdevices/c:/windows/temp/nov2008_xact_x86.cab
                                                                                                /var/home/puppy/.local/share/Steam/steamapps/compatdata/4086956225/pfx/dosdevices/c:/windows/temp/nov2008_xact_x86.cab: WARNING; possible 5960 extra bytes at end of file.
                                            Executing cabextract -q -d /var/home/puppy/.local/share/Steam/steamapps/compatdata/4086956225/pfx/dosdevices/c:/windows/syswow64 -L -F xactengine*.dll /var/home/puppy/.local/share/Steam/steamapps/compatdata/4086956225/pfx/dosdevices/c:/windows/temp/nov2008_xaudio_x86.cab
                                                                                             /var/home/puppy/.local/share/Steam/steamapps/compatdata/4086956225/pfx/dosdevices/c:/windows/temp/nov2008_xaudio_x86.cab: WARNING; possible 5960 extra bytes at end of file.
                                           Executing cabextract -q -d /var/home/puppy/.local/share/Steam/steamapps/compatdata/4086956225/pfx/dosdevices/c:/windows/syswow64 -L -F xaudio*.dll /var/home/puppy/.local/share/Steam/steamapps/compatdata/4086956225/pfx/dosdevices/c:/windows/temp/nov2008_xaudio_x86.cab
                                                                                        /var/home/puppy/.local/share/Steam/steamapps/compatdata/4086956225/pfx/dosdevices/c:/windows/temp/nov2008_xaudio_x86.cab: WARNING; possible 5960 extra bytes at end of file.
                                      Executing cabextract -q -d /var/home/puppy/.local/share/Steam/steamapps/compatdata/4086956225/pfx/dosdevices/c:/windows/syswow64 -L -F x3daudio*.dll /var/home/puppy/.local/share/Steam/steamapps/compatdata/4086956225/pfx/dosdevices/c:/windows/temp/nov2008_xaudio_x86.cab
                                                                                     /var/home/puppy/.local/share/Steam/steamapps/compatdata/4086956225/pfx/dosdevices/c:/windows/temp/nov2008_xaudio_x86.cab: WARNING; possible 5960 extra bytes at end of file.
                                   Executing cabextract -q -d /var/home/puppy/.local/share/Steam/steamapps/compatdata/4086956225/pfx/dosdevices/c:/windows/syswow64 -L -F xapofx*.dll /var/home/puppy/.local/share/Steam/steamapps/compatdata/4086956225/pfx/dosdevices/c:/windows/temp/nov2008_xaudio_x86.cab
                                                                                /var/home/puppy/.local/share/Steam/steamapps/compatdata/4086956225/pfx/dosdevices/c:/windows/temp/nov2008_xaudio_x86.cab: WARNING; possible 5960 extra bytes at end of file.
                              Executing cabextract -q -d /var/home/puppy/.local/share/Steam/steamapps/compatdata/4086956225/pfx/dosdevices/c:/windows/syswow64 -L -F xactengine*.dll /var/home/puppy/.local/share/Steam/steamapps/compatdata/4086956225/pfx/dosdevices/c:/windows/temp/oct2006_xact_x86.cab
                                                                             /var/home/puppy/.local/share/Steam/steamapps/compatdata/4086956225/pfx/dosdevices/c:/windows/temp/oct2006_xact_x86.cab: WARNING; possible 5960 extra bytes at end of file.
                         Executing cabextract -q -d /var/home/puppy/.local/share/Steam/steamapps/compatdata/4086956225/pfx/dosdevices/c:/windows/syswow64 -L -F xaudio*.dll /var/home/puppy/.local/share/Steam/steamapps/compatdata/4086956225/pfx/dosdevices/c:/windows/temp/oct2006_xact_x86.cab
                                                                    /var/home/puppy/.local/share/Steam/steamapps/compatdata/4086956225/pfx/dosdevices/c:/windows/temp/oct2006_xact_x86.cab: WARNING; possible 5960 extra bytes at end of file.
                Executing cabextract -q -d /var/home/puppy/.local/share/Steam/steamapps/compatdata/4086956225/pfx/dosdevices/c:/windows/syswow64 -L -F x3daudio*.dll /var/home/puppy/.local/share/Steam/steamapps/compatdata/4086956225/pfx/dosdevices/c:/windows/temp/oct2006_xact_x86.cab
                                                             /var/home/puppy/.local/share/Steam/steamapps/compatdata/4086956225/pfx/dosdevices/c:/windows/temp/oct2006_xact_x86.cab: WARNING; possible 5960 extra bytes at end of file.
         Executing cabextract -q -d /var/home/puppy/.local/share/Steam/steamapps/compatdata/4086956225/pfx/dosdevices/c:/windows/syswow64 -L -F xapofx*.dll /var/home/puppy/.local/share/Steam/steamapps/compatdata/4086956225/pfx/dosdevices/c:/windows/temp/oct2006_xact_x86.cab
                                                    /var/home/puppy/.local/share/Steam/steamapps/compatdata/4086956225/pfx/dosdevices/c:/windows/temp/oct2006_xact_x86.cab: WARNING; possible 5960 extra bytes at end of file.
                                                                                                              Using native,builtin override for following DLLs: xaudio2_0 xaudio2_1 xaudio2_2 xaudio2_3 xaudio2_4 xaudio2_5 xaudio2_6 xaudio2_7
                 Executing /home/puppy/.var/app/com.github.Matoking.protontricks/cache/protontricks/proton/Proton Experimental/bin/wine C:\windows\syswow64\regedit.exe C:\windows\Temp\override-dll.reg
                                                                                         steam-runtime-launch-client[2550]: W: The --socket option is deprecated. Prefer to use the session bus.
fsync: up and running.
00b4:err:hid:get_container_id_for_usb_udev_device Failed to get parent device.
00b4:err:hid:get_container_id_for_usb_udev_device Failed to get parent device.
00b4:err:hid:get_container_id_for_usb_udev_device Failed to get parent device.
00b4:err:hid:get_container_id_for_usb_udev_device Failed to get parent device.
00b4:err:hid:parse_new_value_caps HID parser values overflow!
00b4:err:hid:free_parser_state 1 unpopped device collection on the stack
00b4:err:hid:get_device_descriptors Failed to get device 0x7f145c00cfb0 report descriptor, status 0xc0110008
00b4:err:hid:parse_new_value_caps HID parser values overflow!
00b4:err:hid:free_parser_state 1 unpopped device collection on the stack
00b4:err:hid:get_device_descriptors Failed to get device 0x7f145c00cfb0 report descriptor, status 0xc0110008
Executing /home/puppy/.var/app/com.github.Matoking.protontricks/cache/protontricks/proton/Proton Experimental/bin/wine64 C:\windows\regedit.exe C:\windows\Temp\override-dll.reg
                                                                 steam-runtime-launch-client[2603]: W: The --socket option is deprecated. Prefer to use the session bus.
wineserver: using server-side synchronization.
00b4:err:hid:get_container_id_for_usb_udev_device Failed to get parent device.
00b4:err:hid:get_container_id_for_usb_udev_device Failed to get parent device.
00b4:err:hid:get_container_id_for_usb_udev_device Failed to get parent device.
00b4:err:hid:get_container_id_for_usb_udev_device Failed to get parent device.
00b4:err:hid:parse_new_value_caps HID parser values overflow!
00b4:err:hid:free_parser_state 1 unpopped device collection on the stack
00b4:err:hid:get_device_descriptors Failed to get device 0x7f3e4400cfb0 report descriptor, status 0xc0110008
00b4:err:hid:parse_new_value_caps HID parser values overflow!
00b4:err:hid:free_parser_state 1 unpopped device collection on the stack
00b4:err:hid:get_device_descriptors Failed to get device 0x7f3e4400cfb0 report descriptor, status 0xc0110008
Using native,builtin override for following DLLs: x3daudio1_0 x3daudio1_1 x3daudio1_2 x3daudio1_3 x3daudio1_4 x3daudio1_5 x3daudio1_6 x3daudio1_7
                                  Executing /home/puppy/.var/app/com.github.Matoking.protontricks/cache/protontricks/proton/Proton Experimental/bin/wine C:\windows\syswow64\regedit.exe C:\windows\Temp\override-dll.reg
                                                                                                          steam-runtime-launch-client[2735]: W: The --socket option is deprecated. Prefer to use the session bus.
wineserver: using server-side synchronization.
00b8:err:hid:get_container_id_for_usb_udev_device Failed to get parent device.
00b8:err:hid:get_container_id_for_usb_udev_device Failed to get parent device.
00b8:err:hid:get_container_id_for_usb_udev_device Failed to get parent device.
00b8:err:hid:get_container_id_for_usb_udev_device Failed to get parent device.
00b8:err:hid:parse_new_value_caps HID parser values overflow!
00b8:err:hid:free_parser_state 1 unpopped device collection on the stack
00b8:err:hid:get_device_descriptors Failed to get device 0x7f7c5400cfb0 report descriptor, status 0xc0110008
00b8:err:hid:parse_new_value_caps HID parser values overflow!
00b8:err:hid:free_parser_state 1 unpopped device collection on the stack
00b8:err:hid:get_device_descriptors Failed to get device 0x7f7c5400cfb0 report descriptor, status 0xc0110008
Executing /home/puppy/.var/app/com.github.Matoking.protontricks/cache/protontricks/proton/Proton Experimental/bin/wine64 C:\windows\regedit.exe C:\windows\Temp\override-dll.reg
                                                                 steam-runtime-launch-client[2875]: W: The --socket option is deprecated. Prefer to use the session bus.
wineserver: using server-side synchronization.
00b4:err:hid:get_container_id_for_usb_udev_device Failed to get parent device.
00b4:err:hid:get_container_id_for_usb_udev_device Failed to get parent device.
00b4:err:hid:get_container_id_for_usb_udev_device Failed to get parent device.
00b4:err:hid:get_container_id_for_usb_udev_device Failed to get parent device.
00b4:err:hid:parse_new_value_caps HID parser values overflow!
00b4:err:hid:free_parser_state 1 unpopped device collection on the stack
00b4:err:hid:get_device_descriptors Failed to get device 0x7f0b3800cfb0 report descriptor, status 0xc0110008
00b4:err:hid:parse_new_value_caps HID parser values overflow!
00b4:err:hid:free_parser_state 1 unpopped device collection on the stack
00b4:err:hid:get_device_descriptors Failed to get device 0x7f0b3800cfb0 report descriptor, status 0xc0110008
Using native,builtin override for following DLLs: xapofx1_1 xapofx1_2 xapofx1_3 xapofx1_4 xapofx1_5
                                                                                                   Executing /home/puppy/.var/app/com.github.Matoking.protontricks/cache/protontricks/proton/Proton Experimental/bin/wine C:\windows\syswow64\regedit.exe C:\windows\Temp\override-dll.reg
                                                            steam-runtime-launch-client[3016]: W: The --socket option is deprecated. Prefer to use the session bus.
wineserver: using server-side synchronization.
00b4:err:hid:get_container_id_for_usb_udev_device Failed to get parent device.
00b4:err:hid:get_container_id_for_usb_udev_device Failed to get parent device.
00b4:err:hid:get_container_id_for_usb_udev_device Failed to get parent device.
00b4:err:hid:get_container_id_for_usb_udev_device Failed to get parent device.
00b4:err:hid:parse_new_value_caps HID parser values overflow!
00b4:err:hid:free_parser_state 1 unpopped device collection on the stack
00b4:err:hid:get_device_descriptors Failed to get device 0x7f534c00cfb0 report descriptor, status 0xc0110008
00b4:err:hid:parse_new_value_caps HID parser values overflow!
00b4:err:hid:free_parser_state 1 unpopped device collection on the stack
00b4:err:hid:get_device_descriptors Failed to get device 0x7f534c00cfb0 report descriptor, status 0xc0110008
Executing /home/puppy/.var/app/com.github.Matoking.protontricks/cache/protontricks/proton/Proton Experimental/bin/wine64 C:\windows\regedit.exe C:\windows\Temp\override-dll.reg
                                                                 steam-runtime-launch-client[3145]: W: The --socket option is deprecated. Prefer to use the session bus.
wineserver: using server-side synchronization.
00b4:err:hid:get_container_id_for_usb_udev_device Failed to get parent device.
00b4:err:hid:get_container_id_for_usb_udev_device Failed to get parent device.
00b4:err:hid:get_container_id_for_usb_udev_device Failed to get parent device.
00b4:err:hid:get_container_id_for_usb_udev_device Failed to get parent device.
00b4:err:hid:parse_new_value_caps HID parser values overflow!
00b4:err:hid:free_parser_state 1 unpopped device collection on the stack
00b4:err:hid:get_device_descriptors Failed to get device 0x7f945000cfb0 report descriptor, status 0xc0110008
00b4:err:hid:parse_new_value_caps HID parser values overflow!
00b4:err:hid:free_parser_state 1 unpopped device collection on the stack
00b4:err:hid:get_device_descriptors Failed to get device 0x7f945000cfb0 report descriptor, status 0xc0110008
Using native,builtin override for following DLLs: xactengine2_0 xactengine2_10 xactengine2_1 xactengine2_2 xactengine2_3 xactengine2_4 xactengine2_5 xactengine2_6 xactengine2_7 xactengine2_8 xactengine2_9 xactengine3_0 xactengine3_1 xactengine3_2 xactengine3_3 xactengine3_4 xactengine3_5 xactengine3_6 xactengine3_7
                                                                                              Executing /home/puppy/.var/app/com.github.Matoking.protontricks/cache/protontricks/proton/Proton Experimental/bin/wine C:\windows\syswow64\regedit.exe C:\windows\Temp\override-dll.reg
                                                       steam-runtime-launch-client[3287]: W: The --socket option is deprecated. Prefer to use the session bus.
wineserver: using server-side synchronization.
00b8:err:hid:get_container_id_for_usb_udev_device Failed to get parent device.
00b8:err:hid:get_container_id_for_usb_udev_device Failed to get parent device.
00b8:err:hid:get_container_id_for_usb_udev_device Failed to get parent device.
00b8:err:hid:get_container_id_for_usb_udev_device Failed to get parent device.
00b8:err:hid:parse_new_value_caps HID parser values overflow!
00b8:err:hid:free_parser_state 1 unpopped device collection on the stack
00b8:err:hid:get_device_descriptors Failed to get device 0x7efc0000cfb0 report descriptor, status 0xc0110008
00b8:err:hid:parse_new_value_caps HID parser values overflow!
00b8:err:hid:free_parser_state 1 unpopped device collection on the stack
00b8:err:hid:get_device_descriptors Failed to get device 0x7efc0000cfb0 report descriptor, status 0xc0110008
Executing /home/puppy/.var/app/com.github.Matoking.protontricks/cache/protontricks/proton/Proton Experimental/bin/wine64 C:\windows\regedit.exe C:\windows\Temp\override-dll.reg
                                                                 steam-runtime-launch-client[3416]: W: The --socket option is deprecated. Prefer to use the session bus.
wineserver: using server-side synchronization.
00b4:err:hid:get_container_id_for_usb_udev_device Failed to get parent device.
00b4:err:hid:get_container_id_for_usb_udev_device Failed to get parent device.
00b4:err:hid:get_container_id_for_usb_udev_device Failed to get parent device.
00b4:err:hid:get_container_id_for_usb_udev_device Failed to get parent device.
00b4:err:hid:parse_new_value_caps HID parser values overflow!
00b4:err:hid:free_parser_state 1 unpopped device collection on the stack
00b4:err:hid:get_device_descriptors Failed to get device 0x7f950400cfb0 report descriptor, status 0xc0110008
00b4:err:hid:parse_new_value_caps HID parser values overflow!
00b4:err:hid:free_parser_state 1 unpopped device collection on the stack
00b4:err:hid:get_device_descriptors Failed to get device 0x7f950400cfb0 report descriptor, status 0xc0110008
Executing /home/puppy/.var/app/com.github.Matoking.protontricks/cache/protontricks/proton/Proton Experimental/bin/wine C:\windows\syswow64\regsvr32.exe xactengine2_0.dll
                                                          steam-runtime-launch-client[3546]: W: The --socket option is deprecated. Prefer to use the session bus.
wineserver: using server-side synchronization.
00b4:err:hid:get_container_id_for_usb_udev_device Failed to get parent device.
00b4:err:hid:get_container_id_for_usb_udev_device Failed to get parent device.
00b4:err:hid:get_container_id_for_usb_udev_device Failed to get parent device.
00b4:err:hid:get_container_id_for_usb_udev_device Failed to get parent device.
00b4:err:hid:parse_new_value_caps HID parser values overflow!
00b4:err:hid:free_parser_state 1 unpopped device collection on the stack
00b4:err:hid:get_device_descriptors Failed to get device 0x7f557000cfb0 report descriptor, status 0xc0110008
00b4:err:hid:parse_new_value_caps HID parser values overflow!
00b4:err:hid:free_parser_state 1 unpopped device collection on the stack
00b4:err:hid:get_device_descriptors Failed to get device 0x7f557000cfb0 report descriptor, status 0xc0110008
011c:fixme:oleacc:find_class_data unhandled window class: L"#32769"
011c:fixme:uiautomation:uia_get_providers_for_hwnd Override provider callback currently unimplemented.
011c:fixme:uiautomation:default_uia_provider_callback Default ProviderType_NonClientArea provider unimplemented.
011c:fixme:oleacc:find_class_data unhandled window class: L"#32769"
011c:fixme:uiautomation:base_hwnd_fragment_get_FragmentRoot 000000000081EA58, 000000000021F9A0: stub!
011c:fixme:uiautomation:base_hwnd_fragment_GetEmbeddedFragmentRoots 000000000081EA58, 000000000021F9B0: stub!
0128:fixme:oleacc:find_class_data unhandled window class: L"#32769"
0128:fixme:uiautomation:msaa_provider_GetPatternProvider Unimplemented patternId 10002
0128:fixme:uiautomation:base_hwnd_provider_GetPatternProvider 0000000000884E30, 10002, 000000000192F8A0: stub
0128:fixme:oleacc:find_class_data unhandled window class: L"#32769"
0128:fixme:oleacc:find_class_data unhandled window class: L"Button"
0128:fixme:uiautomation:msaa_provider_GetPatternProvider Unimplemented patternId 10002
0128:fixme:uiautomation:base_hwnd_provider_GetPatternProvider 000000000087B340, 10002, 000000000192F8A0: stub
0128:fixme:oleacc:find_class_data unhandled window class: L"Button"
Executing /home/puppy/.var/app/com.github.Matoking.protontricks/cache/protontricks/proton/Proton Experimental/bin/wine C:\windows\syswow64\regsvr32.exe xactengine2_0.dll.debug
                                                                steam-runtime-launch-client[3707]: W: The --socket option is deprecated. Prefer to use the session bus.
wineserver: using server-side synchronization.
00b8:err:hid:get_container_id_for_usb_udev_device Failed to get parent device.
00b8:err:hid:get_container_id_for_usb_udev_device Failed to get parent device.
00b8:err:hid:get_container_id_for_usb_udev_device Failed to get parent device.
00b8:err:hid:get_container_id_for_usb_udev_device Failed to get parent device.
00b8:err:hid:parse_new_value_caps HID parser values overflow!
00b8:err:hid:free_parser_state 1 unpopped device collection on the stack
00b8:err:hid:get_device_descriptors Failed to get device 0x7f71a400cfb0 report descriptor, status 0xc0110008
00b8:err:hid:parse_new_value_caps HID parser values overflow!
00b8:err:hid:free_parser_state 1 unpopped device collection on the stack
00b8:err:hid:get_device_descriptors Failed to get device 0x7f71a400cfb0 report descriptor, status 0xc0110008
0120:fixme:oleacc:find_class_data unhandled window class: L"#32769"
0120:fixme:uiautomation:uia_get_providers_for_hwnd Override provider callback currently unimplemented.
0120:fixme:uiautomation:default_uia_provider_callback Default ProviderType_NonClientArea provider unimplemented.
0120:fixme:oleacc:find_class_data unhandled window class: L"#32769"
0120:fixme:uiautomation:base_hwnd_fragment_get_FragmentRoot 000000000081EA58, 000000000021F9A0: stub!
0120:fixme:uiautomation:base_hwnd_fragment_GetEmbeddedFragmentRoots 000000000081EA58, 000000000021F9B0: stub!
012c:fixme:oleacc:find_class_data unhandled window class: L"#32769"
012c:fixme:uiautomation:msaa_provider_GetPatternProvider Unimplemented patternId 10002
012c:fixme:uiautomation:base_hwnd_provider_GetPatternProvider 0000000000884EB0, 10002, 000000000192F8A0: stub
012c:fixme:oleacc:find_class_data unhandled window class: L"#32769"
012c:fixme:oleacc:find_class_data unhandled window class: L"Button"
012c:fixme:uiautomation:msaa_provider_GetPatternProvider Unimplemented patternId 10002
012c:fixme:uiautomation:base_hwnd_provider_GetPatternProvider 000000000087B1F0, 10002, 000000000192F8A0: stub
012c:fixme:oleacc:find_class_data unhandled window class: L"Button"
------------------------------------------------------
                                                      warning: Note: command /home/puppy/.var/app/com.github.Maegsvr32.exe xactengine2_0.dll.debug returned status 3. Aborting.l/bin/wine C:\windows\syswow64
                                                                ------------------------------------------------------
       puppy@puppy:~$ 
